---
source: crates/ruff_linter/src/rules/pyflakes/mod.rs
---
F821_11.pyi:15:28: F821 (undefined-name) Undefined name `os`
   |
15 | def f(x: Callable[[VarArg("os")], None]):  # F821
   |                            ^^ F821 (undefined-name)
16 |     pass
   |
