---
source: crates/ruff_linter/src/rules/pyflakes/mod.rs
---
__init__.py:1:8: F401 (unused-import) `os` imported but unused; consider removing, adding to `__all__`, or using a redundant alias
  |
1 | import os
  |        ^^ F401 (unused-import)
2 | 
3 | print(__path__)
  |
  = help: Remove unused import: `os`
