---
source: crates/ruff_linter/src/rules/pyflakes/mod.rs
---
F707.py:3:1: F707 (default-except-not-last) An `except` block as not the last exception handler
  |
1 | try:
2 |     pass
3 | except:
  | ^^^^^^ F707 (default-except-not-last)
4 |     pass
5 | except ValueError:
  |

F707.py:10:1: F707 (default-except-not-last) An `except` block as not the last exception handler
   |
 8 | try:
 9 |     pass
10 | except:
   | ^^^^^^ F707 (default-except-not-last)
11 |     pass
12 | except ValueError:
   |

F707.py:19:1: F707 (default-except-not-last) An `except` block as not the last exception handler
   |
17 | try:
18 |     pass
19 | except:
   | ^^^^^^ F707 (default-except-not-last)
20 |     pass
21 | except ValueError:
   |
