---
source: crates/ruff_linter/src/rules/pyflakes/mod.rs
---
F811_29.pyi:8:1: F811 (redefined-while-unused) Redefinition of unused `Bar` from line 3
  |
6 |     Bar: int  # OK
7 | 
8 | Bar = 1  # F811
  | ^^^ F811 (redefined-while-unused)
  |
  = help: Remove definition: `Bar`
