---
source: crates/ruff_linter/src/rules/pyflakes/mod.rs
---
<filename>:10:5: F821 (undefined-name) Undefined name `x`
   |
 8 |     # entirely after the `del` statement. However, it should be an F821
 9 |     # error, because the name is defined in the scope, but unbound.
10 |     x += 1
   |     ^ F821 (undefined-name)
   |

<filename>:10:5: F841 (unused-variable) Local variable `x` is assigned to but never used
   |
 8 |     # entirely after the `del` statement. However, it should be an F821
 9 |     # error, because the name is defined in the scope, but unbound.
10 |     x += 1
   |     ^ F841 (unused-variable)
   |
   = help: Remove assignment to unused variable `x`
