---
source: crates/ruff_linter/src/rules/pyupgrade/mod.rs
---
UP015_1.py:3:5: UP015 (redundant-open-modes) [*] Unnecessary open mode parameters
  |
1 | # Not a valid type annotation but this test shouldn't result in a panic.
2 | # Refer: https://github.com/astral-sh/ruff/issues/11736
3 | x: 'open("foo", "r")'
  |     ^^^^^^^^^^^^^^^^ UP015 (redundant-open-modes)
  |
  = help: Remove open mode parameters

â„¹ Safe fix
1 1 | # Not a valid type annotation but this test shouldn't result in a panic.
2 2 | # Refer: https://github.com/astral-sh/ruff/issues/11736
3   |-x: 'open("foo", "r")'
  3 |+x: 'open("foo")'
4 4 |
