---
source: crates/ruff_linter/src/rules/flake8_fixme/mod.rs
---
T00.py:5:3: FIX004 (line-contains-hack) Line contains HACK, consider resolving the issue
  |
3 | # XXX: xxx
4 | # xxx: xxx
5 | # HACK: hack
  |   ^^^^ FIX004 (line-contains-hack)
6 | # hack: hack
7 | # FIXME: fixme
  |

T00.py:6:3: FIX004 (line-contains-hack) Line contains HACK, consider resolving the issue
  |
4 | # xxx: xxx
5 | # HACK: hack
6 | # hack: hack
  |   ^^^^ FIX004 (line-contains-hack)
7 | # FIXME: fixme
8 | # fixme: fixme
  |
