---
source: crates/ruff/src/commands/check.rs
---
/home/ferris/project/code.py:1:1: E902 (io-error) Permission denied (os error 13)
/home/ferris/project/notebook.ipynb:1:1: E902 (io-error) Permission denied (os error 13)
/home/ferris/project/pyproject.toml:1:1: E902 (io-error) Permission denied (os error 13)
