---
source: crates/ruff_linter/src/rules/flake8_bugbear/mod.rs
---
B003.py:9:1: B003 (assignment-to-os-environ) Assigning to `os.environ` doesn't clear the environment
   |
 7 | from os import environ
 8 | 
 9 | os.environ = {}
   | ^^^^^^^^^^ B003 (assignment-to-os-environ)
10 | environ = {}  # that's fine, assigning a new meaning to the module-level name
   |
