---
source: crates/ruff_linter/src/rules/pylint/mod.rs
---
sys_exit_alias_9.py:2:5: PLR1722 (sys-exit-alias) [*] Use `sys.exit()` instead of `exit`
  |
1 | def main():
2 |     exit(0)
  |     ^^^^ PLR1722 (sys-exit-alias)
  |
  = help: Replace `exit` with `sys.exit()`

â„¹ Unsafe fix
  1 |+import sys
1 2 | def main():
2   |-    exit(0)
  3 |+    sys.exit(0)
3 4 | 
4 5 | 
5 6 | from sys import argv
