---
source: crates/ruff_linter/src/noqa.rs
expression: "Directive::try_extract(source, TextSize::default())"
---
Ok(
    Some(
        Codes(
            Codes {
                range: 0..15,
                codes: [
                    RuleIdent {
                        identifier: Code(
                            "F401",
                        ),
                        range: 6..10,
                    },
                    RuleIdent {
                        identifier: Code(
                            "F841",
                        ),
                        range: 11..15,
                    },
                ],
            },
        ),
    ),
)
