---
source: crates/ruff_linter/src/noqa.rs
expression: "ParsedFileExemption::try_extract(source)"
---
Ok(
    Some(
        Codes(
            [
                Code(
                    "F401",
                ),
                Code(
                    "F841",
                ),
            ],
        ),
    ),
)
