---
source: crates/ruff_linter/src/rules/pep8_naming/mod.rs
---
N818.py:9:7: N818 (error-suffix-on-exception-name) Exception name `C` should be named with an Error suffix
   |
 9 | class C(Exception):
   |       ^ N818 (error-suffix-on-exception-name)
10 |     pass
   |

N818.py:17:7: N818 (error-suffix-on-exception-name) Exception name `E` should be named with an Error suffix
   |
17 | class E(AnotherError):
   |       ^ N818 (error-suffix-on-exception-name)
18 |     pass
   |
