---
source: crates/ruff_linter/src/rules/pep8_naming/mod.rs
---
N812.py:1:8: N812 (lowercase-imported-as-non-lowercase) Lowercase `lowercase` imported as non-lowercase `Lower`
  |
1 | import modl.lowercase as Lower
  |        ^^^^^^^^^^^^^^^^^^^^^^^ N812 (lowercase-imported-as-non-lowercase)
2 | from mod import lowercase as Lowercase
3 | from mod import another_lowercase as AnotherLowercase
  |

N812.py:2:17: N812 (lowercase-imported-as-non-lowercase) Lowercase `lowercase` imported as non-lowercase `Lowercase`
  |
1 | import modl.lowercase as Lower
2 | from mod import lowercase as Lowercase
  |                 ^^^^^^^^^^^^^^^^^^^^^^ N812 (lowercase-imported-as-non-lowercase)
3 | from mod import another_lowercase as AnotherLowercase
  |

N812.py:3:17: N812 (lowercase-imported-as-non-lowercase) Lowercase `another_lowercase` imported as non-lowercase `AnotherLowercase`
  |
1 | import modl.lowercase as Lower
2 | from mod import lowercase as Lowercase
3 | from mod import another_lowercase as AnotherLowercase
  |                 ^^^^^^^^^^^^^^^^^^^^^^^^^^^^^^^^^^^^^ N812 (lowercase-imported-as-non-lowercase)
  |
