---
source: crates/ruff_linter/src/rules/pep8_naming/mod.rs
---
N803.py:1:16: N803 (invalid-argument-name) Argument name `A` should be lowercase
  |
1 | def func(_, a, A):
  |                ^ N803 (invalid-argument-name)
2 |     return _, a, A
  |

N803.py:6:28: N803 (invalid-argument-name) Argument name `A` should be lowercase
  |
5 | class Class:
6 |     def method(self, _, a, A):
  |                            ^ N803 (invalid-argument-name)
7 |         return _, a, A
  |
