---
source: crates/ruff_linter/src/rules/pep8_naming/mod.rs
---
import.py:1:1: N999 (invalid-module-name) Invalid module name: 'import'
 |
 |
