---
source: crates/ruff_linter/src/rules/pycodestyle/mod.rs
---
E999.py:2:9: E999 (syntax-error) SyntaxError: Expected an indented block after function definition
  |
2 | def x():
  |         ^ E999 (syntax-error)
3 | 
  |
