---
source: crates/ruff_linter/src/rules/pycodestyle/mod.rs
---
E11.py:9:1: E112 (no-indented-block) Expected an indented block
   |
 7 | #: E112
 8 | if False:
 9 | print()
   |  E112 (no-indented-block)
10 | #: E113
11 | print()
   |

E11.py:45:1: E112 (no-indented-block) Expected an indented block
   |
43 | #: E112
44 | if False:  #
45 | print()
   |  E112 (no-indented-block)
46 | #:
47 | if False:
   |
