---
source: crates/ruff_linter/src/rules/flake8_bandit/mod.rs
---
S311.py:10:1: S311 (suspicious-non-cryptographic-random-usage) Standard pseudo-random generators are not suitable for cryptographic purposes
   |
 9 | # Errors
10 | random.Random()
   | ^^^^^^^^^^^^^^^ S311 (suspicious-non-cryptographic-random-usage)
11 | random.random()
12 | random.randrange()
   |

S311.py:11:1: S311 (suspicious-non-cryptographic-random-usage) Standard pseudo-random generators are not suitable for cryptographic purposes
   |
 9 | # Errors
10 | random.Random()
11 | random.random()
   | ^^^^^^^^^^^^^^^ S311 (suspicious-non-cryptographic-random-usage)
12 | random.randrange()
13 | random.randint()
   |

S311.py:12:1: S311 (suspicious-non-cryptographic-random-usage) Standard pseudo-random generators are not suitable for cryptographic purposes
   |
10 | random.Random()
11 | random.random()
12 | random.randrange()
   | ^^^^^^^^^^^^^^^^^^ S311 (suspicious-non-cryptographic-random-usage)
13 | random.randint()
14 | random.choice()
   |

S311.py:13:1: S311 (suspicious-non-cryptographic-random-usage) Standard pseudo-random generators are not suitable for cryptographic purposes
   |
11 | random.random()
12 | random.randrange()
13 | random.randint()
   | ^^^^^^^^^^^^^^^^ S311 (suspicious-non-cryptographic-random-usage)
14 | random.choice()
15 | random.choices()
   |

S311.py:14:1: S311 (suspicious-non-cryptographic-random-usage) Standard pseudo-random generators are not suitable for cryptographic purposes
   |
12 | random.randrange()
13 | random.randint()
14 | random.choice()
   | ^^^^^^^^^^^^^^^ S311 (suspicious-non-cryptographic-random-usage)
15 | random.choices()
16 | random.uniform()
   |

S311.py:15:1: S311 (suspicious-non-cryptographic-random-usage) Standard pseudo-random generators are not suitable for cryptographic purposes
   |
13 | random.randint()
14 | random.choice()
15 | random.choices()
   | ^^^^^^^^^^^^^^^^ S311 (suspicious-non-cryptographic-random-usage)
16 | random.uniform()
17 | random.triangular()
   |

S311.py:16:1: S311 (suspicious-non-cryptographic-random-usage) Standard pseudo-random generators are not suitable for cryptographic purposes
   |
14 | random.choice()
15 | random.choices()
16 | random.uniform()
   | ^^^^^^^^^^^^^^^^ S311 (suspicious-non-cryptographic-random-usage)
17 | random.triangular()
18 | random.randbytes()
   |

S311.py:17:1: S311 (suspicious-non-cryptographic-random-usage) Standard pseudo-random generators are not suitable for cryptographic purposes
   |
15 | random.choices()
16 | random.uniform()
17 | random.triangular()
   | ^^^^^^^^^^^^^^^^^^^ S311 (suspicious-non-cryptographic-random-usage)
18 | random.randbytes()
   |

S311.py:18:1: S311 (suspicious-non-cryptographic-random-usage) Standard pseudo-random generators are not suitable for cryptographic purposes
   |
16 | random.uniform()
17 | random.triangular()
18 | random.randbytes()
   | ^^^^^^^^^^^^^^^^^^ S311 (suspicious-non-cryptographic-random-usage)
19 | 
20 | # Unrelated
   |
