---
source: crates/ruff_linter/src/rules/pydocstyle/mod.rs
---
__init__.py:1:1: D104 (undocumented-public-package) Missing docstring in public package
 |
 |
