---
source: crates/ruff_linter/src/message/gitlab.rs
expression: redact_fingerprint(&content)
---
[
  {
    "description": "(F401 unused-import) `os` imported but unused",
    "fingerprint": "<redacted>",
    "location": {
      "lines": {
        "begin": 1,
        "end": 1
      },
      "path": "fib.py"
    },
    "severity": "major"
  },
  {
    "description": "(F841 unused-variable) Local variable `x` is assigned to but never used",
    "fingerprint": "<redacted>",
    "location": {
      "lines": {
        "begin": 6,
        "end": 6
      },
      "path": "fib.py"
    },
    "severity": "major"
  },
  {
    "description": "(F821 undefined-name) Undefined name `a`",
    "fingerprint": "<redacted>",
    "location": {
      "lines": {
        "begin": 1,
        "end": 1
      },
      "path": "undef.py"
    },
    "severity": "major"
  }
]
